query($ep: Episode!) {
  hero(episode: $ep) {
    name
    ... on Human {
      height
    }
    ... on Droid {
      primaryFunction
    }
  }
}