query($episode: Episode) {
  hero(episode: $episode) {
    friends {
      name
    }
  }
}