query($withFriends: Boolean) {
  hero {
    name
    friends @include(if: $withFriends) {
      name
    }
  }
}